
[0;34m━━━━━━━━━━━━━━━━━━━━━━━━━━━━━━━━━━━━━━━━━━━━━━━━━━━━━━━━━━━━[0m
[0;34m📋 HMS Backend - Comprehensive Endpoint Test[0m
[0;34m━━━━━━━━━━━━━━━━━━━━━━━━━━━━━━━━━━━━━━━━━━━━━━━━━━━━━━━━━━━━[0m

Testing 74 endpoints across 6 services
Gateway: http://localhost:8080
Strategy: Integrated happy/edge/negative testing per flow


[1;33m▶ FLOW 1: Admin Setup & Medicine Management[0m
  [0;34mℹ[0m Creating admin account and logging in...
